// Jest Snapshot v1, https://goo.gl/fbAQLP

exports[`Calendar should create Calendar 1`] = `
Object {
  "asFragment": [Function],
  "baseElement": <body>
    <div>
      <div
        class="Container"
      >
        <div
          class="Calendar__header"
        >
          <div
            class="ChangeDateForm"
          >
            <div
              class="ChangeDateForm__switch"
            >
              <div
                class="Button"
              >
                &lt;
              </div>
              <div
                class="ChangeDateForm__text"
              >
                2023
                 / 
                Jan
              </div>
              <div
                class="Button"
              >
                &gt;
              </div>
            </div>
          </div>
          <div
            class="Loader"
            title="Loading..."
          />
          <svg
            class="LightSelector"
            fill="currentColor"
            height="40"
            stroke="currentColor"
            stroke-width="0"
            viewBox="0 0 24 24"
            width="40"
            xmlns="http://www.w3.org/2000/svg"
          >
            <title>
              Light theme
            </title>
            <g
              id="Light"
            >
              <g>
                <path
                  d="M12,18.09A6.09,6.09,0,1,1,18.09,12,6.1,6.1,0,0,1,12,18.09ZM12,6.91A5.09,5.09,0,1,0,17.09,12,5.1,5.1,0,0,0,12,6.91Z"
                />
                <path
                  d="M11.5,2.568v1.6a.5.5,0,1,0,1,0v-1.6a.5.5,0,1,0-1,0Z"
                />
                <path
                  d="M12.5,21.432v-1.6a.5.5,0,0,0-1,0v1.6a.5.5,0,1,0,1,0Z"
                />
                <path
                  d="M21.432,11.5h-1.6a.5.5,0,0,0,0,1h1.6a.5.5,0,1,0,0-1Z"
                />
                <path
                  d="M2.568,12.5h1.6a.5.5,0,1,0,0-1h-1.6a.5.5,0,1,0,0,1Z"
                />
                <path
                  d="M18.316,4.977l-.992.992-.141.141a.514.514,0,0,0-.146.353.508.508,0,0,0,.146.354.5.5,0,0,0,.354.146.515.515,0,0,0,.353-.146l.992-.992.141-.141a.515.515,0,0,0,.147-.354.508.508,0,0,0-.147-.353.5.5,0,0,0-.353-.147.522.522,0,0,0-.354.147Z"
                />
                <path
                  d="M5.684,19.023l.992-.992.141-.141a.514.514,0,0,0,.146-.353.508.508,0,0,0-.146-.354.5.5,0,0,0-.354-.146.515.515,0,0,0-.353.146l-.992.992-.141.141a.515.515,0,0,0-.147.354.508.508,0,0,0,.147.353.5.5,0,0,0,.353.147.522.522,0,0,0,.354-.147Z"
                />
                <path
                  d="M19.023,18.316l-.992-.992-.141-.141a.514.514,0,0,0-.353-.146.508.508,0,0,0-.354.146.5.5,0,0,0-.146.354.515.515,0,0,0,.146.353l.992.992.141.141a.515.515,0,0,0,.354.147.508.508,0,0,0,.353-.147.5.5,0,0,0,.147-.353.522.522,0,0,0-.147-.354Z"
                />
                <path
                  d="M4.977,5.684l.992.992.141.141a.514.514,0,0,0,.353.146.508.508,0,0,0,.354-.146.5.5,0,0,0,.146-.354.515.515,0,0,0-.146-.353l-.992-.992-.141-.141A.515.515,0,0,0,5.33,4.83a.508.508,0,0,0-.353.147.5.5,0,0,0-.147.353.522.522,0,0,0,.147.354Z"
                />
              </g>
            </g>
          </svg>
        </div>
        <div
          class="Calendar"
        >
          <div
            class="Calendar__weekDay"
          >
            Mon
          </div>
          <div
            class="Calendar__weekDay"
          >
            Tue
          </div>
          <div
            class="Calendar__weekDay"
          >
            Wed
          </div>
          <div
            class="Calendar__weekDay"
          >
            Thu
          </div>
          <div
            class="Calendar__weekDay"
          >
            Fri
          </div>
          <div
            class="Calendar__weekDay"
          >
            Sat
          </div>
          <div
            class="Calendar__weekDay"
          >
            Sun
          </div>
          <div
            class="Calendar__cell"
            title="Cell"
          >
            <div
              class="CalendarCell__title"
            >
              26
              <div
                class="Button"
                title="Add task"
              >
                +
              </div>
            </div>
            <div
              class="CalendarTaskList"
            />
          </div>
          <div
            class="Calendar__cell"
            title="Cell"
          >
            <div
              class="CalendarCell__title"
            >
              27
              <div
                class="Button"
                title="Add task"
              >
                +
              </div>
            </div>
            <div
              class="CalendarTaskList"
            />
          </div>
          <div
            class="Calendar__cell"
            title="Cell"
          >
            <div
              class="CalendarCell__title"
            >
              28
              <div
                class="Button"
                title="Add task"
              >
                +
              </div>
            </div>
            <div
              class="CalendarTaskList"
            />
          </div>
          <div
            class="Calendar__cell"
            title="Cell"
          >
            <div
              class="CalendarCell__title"
            >
              29
              <div
                class="Button"
                title="Add task"
              >
                +
              </div>
            </div>
            <div
              class="CalendarTaskList"
            />
          </div>
          <div
            class="Calendar__cell"
            title="Cell"
          >
            <div
              class="CalendarCell__title"
            >
              30
              <div
                class="Button"
                title="Add task"
              >
                +
              </div>
            </div>
            <div
              class="CalendarTaskList"
            />
          </div>
          <div
            class="Calendar__cell"
            title="Cell"
          >
            <div
              class="CalendarCell__title"
            >
              31
              <div
                class="Button"
                title="Add task"
              >
                +
              </div>
            </div>
            <div
              class="CalendarTaskList"
            />
          </div>
          <div
            class="Calendar__activeMonth"
            title="Cell"
          >
            <div
              class="CalendarCell__title"
            >
              1
              <div
                class="Button"
                title="Add task"
              >
                +
              </div>
            </div>
            <div
              class="CalendarTaskList"
            />
          </div>
          <div
            class="Calendar__activeMonth"
            title="Cell"
          >
            <div
              class="CalendarCell__title"
            >
              2
              <div
                class="Button"
                title="Add task"
              >
                +
              </div>
            </div>
            <div
              class="CalendarTaskList"
            />
          </div>
          <div
            class="Calendar__activeMonth"
            title="Cell"
          >
            <div
              class="CalendarCell__title"
            >
              3
              <div
                class="Button"
                title="Add task"
              >
                +
              </div>
            </div>
            <div
              class="CalendarTaskList"
            />
          </div>
          <div
            class="Calendar__activeMonth"
            title="Cell"
          >
            <div
              class="CalendarCell__title"
            >
              4
              <div
                class="Button"
                title="Add task"
              >
                +
              </div>
            </div>
            <div
              class="CalendarTaskList"
            />
          </div>
          <div
            class="Calendar__activeMonth"
            title="Cell"
          >
            <div
              class="CalendarCell__title"
            >
              5
              <div
                class="Button"
                title="Add task"
              >
                +
              </div>
            </div>
            <div
              class="CalendarTaskList"
            />
          </div>
          <div
            class="Calendar__activeMonth"
            title="Cell"
          >
            <div
              class="CalendarCell__title"
            >
              6
              <div
                class="Button"
                title="Add task"
              >
                +
              </div>
            </div>
            <div
              class="CalendarTaskList"
            />
          </div>
          <div
            class="Calendar__activeMonth"
            title="Cell"
          >
            <div
              class="CalendarCell__title"
            >
              7
              <div
                class="Button"
                title="Add task"
              >
                +
              </div>
            </div>
            <div
              class="CalendarTaskList"
            />
          </div>
          <div
            class="Calendar__currentDay"
            title="Cell"
          >
            <div
              class="CalendarCell__title"
            >
              8
              <div
                class="Button"
                title="Add task"
              >
                +
              </div>
            </div>
            <div
              class="CalendarTaskList"
            />
          </div>
          <div
            class="Calendar__activeMonth"
            title="Cell"
          >
            <div
              class="CalendarCell__title"
            >
              9
              <div
                class="Button"
                title="Add task"
              >
                +
              </div>
            </div>
            <div
              class="CalendarTaskList"
            />
          </div>
          <div
            class="Calendar__activeMonth"
            title="Cell"
          >
            <div
              class="CalendarCell__title"
            >
              10
              <div
                class="Button"
                title="Add task"
              >
                +
              </div>
            </div>
            <div
              class="CalendarTaskList"
            />
          </div>
          <div
            class="Calendar__activeMonth"
            title="Cell"
          >
            <div
              class="CalendarCell__title"
            >
              11
              <div
                class="Button"
                title="Add task"
              >
                +
              </div>
            </div>
            <div
              class="CalendarTaskList"
            />
          </div>
          <div
            class="Calendar__activeMonth"
            title="Cell"
          >
            <div
              class="CalendarCell__title"
            >
              12
              <div
                class="Button"
                title="Add task"
              >
                +
              </div>
            </div>
            <div
              class="CalendarTaskList"
            />
          </div>
          <div
            class="Calendar__activeMonth"
            title="Cell"
          >
            <div
              class="CalendarCell__title"
            >
              13
              <div
                class="Button"
                title="Add task"
              >
                +
              </div>
            </div>
            <div
              class="CalendarTaskList"
            />
          </div>
          <div
            class="Calendar__activeMonth"
            title="Cell"
          >
            <div
              class="CalendarCell__title"
            >
              14
              <div
                class="Button"
                title="Add task"
              >
                +
              </div>
            </div>
            <div
              class="CalendarTaskList"
            />
          </div>
          <div
            class="Calendar__activeMonth"
            title="Cell"
          >
            <div
              class="CalendarCell__title"
            >
              15
              <div
                class="Button"
                title="Add task"
              >
                +
              </div>
            </div>
            <div
              class="CalendarTaskList"
            />
          </div>
          <div
            class="Calendar__activeMonth"
            title="Cell"
          >
            <div
              class="CalendarCell__title"
            >
              16
              <div
                class="Button"
                title="Add task"
              >
                +
              </div>
            </div>
            <div
              class="CalendarTaskList"
            />
          </div>
          <div
            class="Calendar__activeMonth"
            title="Cell"
          >
            <div
              class="CalendarCell__title"
            >
              17
              <div
                class="Button"
                title="Add task"
              >
                +
              </div>
            </div>
            <div
              class="CalendarTaskList"
            />
          </div>
          <div
            class="Calendar__activeMonth"
            title="Cell"
          >
            <div
              class="CalendarCell__title"
            >
              18
              <div
                class="Button"
                title="Add task"
              >
                +
              </div>
            </div>
            <div
              class="CalendarTaskList"
            />
          </div>
          <div
            class="Calendar__activeMonth"
            title="Cell"
          >
            <div
              class="CalendarCell__title"
            >
              19
              <div
                class="Button"
                title="Add task"
              >
                +
              </div>
            </div>
            <div
              class="CalendarTaskList"
            />
          </div>
          <div
            class="Calendar__activeMonth"
            title="Cell"
          >
            <div
              class="CalendarCell__title"
            >
              20
              <div
                class="Button"
                title="Add task"
              >
                +
              </div>
            </div>
            <div
              class="CalendarTaskList"
            />
          </div>
          <div
            class="Calendar__activeMonth"
            title="Cell"
          >
            <div
              class="CalendarCell__title"
            >
              21
              <div
                class="Button"
                title="Add task"
              >
                +
              </div>
            </div>
            <div
              class="CalendarTaskList"
            />
          </div>
          <div
            class="Calendar__activeMonth"
            title="Cell"
          >
            <div
              class="CalendarCell__title"
            >
              22
              <div
                class="Button"
                title="Add task"
              >
                +
              </div>
            </div>
            <div
              class="CalendarTaskList"
            />
          </div>
          <div
            class="Calendar__activeMonth"
            title="Cell"
          >
            <div
              class="CalendarCell__title"
            >
              23
              <div
                class="Button"
                title="Add task"
              >
                +
              </div>
            </div>
            <div
              class="CalendarTaskList"
            />
          </div>
          <div
            class="Calendar__activeMonth"
            title="Cell"
          >
            <div
              class="CalendarCell__title"
            >
              24
              <div
                class="Button"
                title="Add task"
              >
                +
              </div>
            </div>
            <div
              class="CalendarTaskList"
            />
          </div>
          <div
            class="Calendar__activeMonth"
            title="Cell"
          >
            <div
              class="CalendarCell__title"
            >
              25
              <div
                class="Button"
                title="Add task"
              >
                +
              </div>
            </div>
            <div
              class="CalendarTaskList"
            />
          </div>
          <div
            class="Calendar__activeMonth"
            title="Cell"
          >
            <div
              class="CalendarCell__title"
            >
              26
              <div
                class="Button"
                title="Add task"
              >
                +
              </div>
            </div>
            <div
              class="CalendarTaskList"
            />
          </div>
          <div
            class="Calendar__activeMonth"
            title="Cell"
          >
            <div
              class="CalendarCell__title"
            >
              27
              <div
                class="Button"
                title="Add task"
              >
                +
              </div>
            </div>
            <div
              class="CalendarTaskList"
            />
          </div>
          <div
            class="Calendar__activeMonth"
            title="Cell"
          >
            <div
              class="CalendarCell__title"
            >
              28
              <div
                class="Button"
                title="Add task"
              >
                +
              </div>
            </div>
            <div
              class="CalendarTaskList"
            />
          </div>
          <div
            class="Calendar__activeMonth"
            title="Cell"
          >
            <div
              class="CalendarCell__title"
            >
              29
              <div
                class="Button"
                title="Add task"
              >
                +
              </div>
            </div>
            <div
              class="CalendarTaskList"
            />
          </div>
          <div
            class="Calendar__activeMonth"
            title="Cell"
          >
            <div
              class="CalendarCell__title"
            >
              30
              <div
                class="Button"
                title="Add task"
              >
                +
              </div>
            </div>
            <div
              class="CalendarTaskList"
            />
          </div>
          <div
            class="Calendar__activeMonth"
            title="Cell"
          >
            <div
              class="CalendarCell__title"
            >
              31
              <div
                class="Button"
                title="Add task"
              >
                +
              </div>
            </div>
            <div
              class="CalendarTaskList"
            />
          </div>
          <div
            class="Calendar__cell"
            title="Cell"
          >
            <div
              class="CalendarCell__title"
            >
              1
              <div
                class="Button"
                title="Add task"
              >
                +
              </div>
            </div>
            <div
              class="CalendarTaskList"
            />
          </div>
          <div
            class="Calendar__cell"
            title="Cell"
          >
            <div
              class="CalendarCell__title"
            >
              2
              <div
                class="Button"
                title="Add task"
              >
                +
              </div>
            </div>
            <div
              class="CalendarTaskList"
            />
          </div>
          <div
            class="Calendar__cell"
            title="Cell"
          >
            <div
              class="CalendarCell__title"
            >
              3
              <div
                class="Button"
                title="Add task"
              >
                +
              </div>
            </div>
            <div
              class="CalendarTaskList"
            />
          </div>
          <div
            class="Calendar__cell"
            title="Cell"
          >
            <div
              class="CalendarCell__title"
            >
              4
              <div
                class="Button"
                title="Add task"
              >
                +
              </div>
            </div>
            <div
              class="CalendarTaskList"
            />
          </div>
          <div
            class="Calendar__cell"
            title="Cell"
          >
            <div
              class="CalendarCell__title"
            >
              5
              <div
                class="Button"
                title="Add task"
              >
                +
              </div>
            </div>
            <div
              class="CalendarTaskList"
            />
          </div>
        </div>
        <div
          class="Calendar__footer"
        >
          <div
            class="Button"
            title="Out"
          >
            Sign out
          </div>
        </div>
      </div>
    </div>
  </body>,
  "container": <div>
    <div
      class="Container"
    >
      <div
        class="Calendar__header"
      >
        <div
          class="ChangeDateForm"
        >
          <div
            class="ChangeDateForm__switch"
          >
            <div
              class="Button"
            >
              &lt;
            </div>
            <div
              class="ChangeDateForm__text"
            >
              2023
               / 
              Jan
            </div>
            <div
              class="Button"
            >
              &gt;
            </div>
          </div>
        </div>
        <div
          class="Loader"
          title="Loading..."
        />
        <svg
          class="LightSelector"
          fill="currentColor"
          height="40"
          stroke="currentColor"
          stroke-width="0"
          viewBox="0 0 24 24"
          width="40"
          xmlns="http://www.w3.org/2000/svg"
        >
          <title>
            Light theme
          </title>
          <g
            id="Light"
          >
            <g>
              <path
                d="M12,18.09A6.09,6.09,0,1,1,18.09,12,6.1,6.1,0,0,1,12,18.09ZM12,6.91A5.09,5.09,0,1,0,17.09,12,5.1,5.1,0,0,0,12,6.91Z"
              />
              <path
                d="M11.5,2.568v1.6a.5.5,0,1,0,1,0v-1.6a.5.5,0,1,0-1,0Z"
              />
              <path
                d="M12.5,21.432v-1.6a.5.5,0,0,0-1,0v1.6a.5.5,0,1,0,1,0Z"
              />
              <path
                d="M21.432,11.5h-1.6a.5.5,0,0,0,0,1h1.6a.5.5,0,1,0,0-1Z"
              />
              <path
                d="M2.568,12.5h1.6a.5.5,0,1,0,0-1h-1.6a.5.5,0,1,0,0,1Z"
              />
              <path
                d="M18.316,4.977l-.992.992-.141.141a.514.514,0,0,0-.146.353.508.508,0,0,0,.146.354.5.5,0,0,0,.354.146.515.515,0,0,0,.353-.146l.992-.992.141-.141a.515.515,0,0,0,.147-.354.508.508,0,0,0-.147-.353.5.5,0,0,0-.353-.147.522.522,0,0,0-.354.147Z"
              />
              <path
                d="M5.684,19.023l.992-.992.141-.141a.514.514,0,0,0,.146-.353.508.508,0,0,0-.146-.354.5.5,0,0,0-.354-.146.515.515,0,0,0-.353.146l-.992.992-.141.141a.515.515,0,0,0-.147.354.508.508,0,0,0,.147.353.5.5,0,0,0,.353.147.522.522,0,0,0,.354-.147Z"
              />
              <path
                d="M19.023,18.316l-.992-.992-.141-.141a.514.514,0,0,0-.353-.146.508.508,0,0,0-.354.146.5.5,0,0,0-.146.354.515.515,0,0,0,.146.353l.992.992.141.141a.515.515,0,0,0,.354.147.508.508,0,0,0,.353-.147.5.5,0,0,0,.147-.353.522.522,0,0,0-.147-.354Z"
              />
              <path
                d="M4.977,5.684l.992.992.141.141a.514.514,0,0,0,.353.146.508.508,0,0,0,.354-.146.5.5,0,0,0,.146-.354.515.515,0,0,0-.146-.353l-.992-.992-.141-.141A.515.515,0,0,0,5.33,4.83a.508.508,0,0,0-.353.147.5.5,0,0,0-.147.353.522.522,0,0,0,.147.354Z"
              />
            </g>
          </g>
        </svg>
      </div>
      <div
        class="Calendar"
      >
        <div
          class="Calendar__weekDay"
        >
          Mon
        </div>
        <div
          class="Calendar__weekDay"
        >
          Tue
        </div>
        <div
          class="Calendar__weekDay"
        >
          Wed
        </div>
        <div
          class="Calendar__weekDay"
        >
          Thu
        </div>
        <div
          class="Calendar__weekDay"
        >
          Fri
        </div>
        <div
          class="Calendar__weekDay"
        >
          Sat
        </div>
        <div
          class="Calendar__weekDay"
        >
          Sun
        </div>
        <div
          class="Calendar__cell"
          title="Cell"
        >
          <div
            class="CalendarCell__title"
          >
            26
            <div
              class="Button"
              title="Add task"
            >
              +
            </div>
          </div>
          <div
            class="CalendarTaskList"
          />
        </div>
        <div
          class="Calendar__cell"
          title="Cell"
        >
          <div
            class="CalendarCell__title"
          >
            27
            <div
              class="Button"
              title="Add task"
            >
              +
            </div>
          </div>
          <div
            class="CalendarTaskList"
          />
        </div>
        <div
          class="Calendar__cell"
          title="Cell"
        >
          <div
            class="CalendarCell__title"
          >
            28
            <div
              class="Button"
              title="Add task"
            >
              +
            </div>
          </div>
          <div
            class="CalendarTaskList"
          />
        </div>
        <div
          class="Calendar__cell"
          title="Cell"
        >
          <div
            class="CalendarCell__title"
          >
            29
            <div
              class="Button"
              title="Add task"
            >
              +
            </div>
          </div>
          <div
            class="CalendarTaskList"
          />
        </div>
        <div
          class="Calendar__cell"
          title="Cell"
        >
          <div
            class="CalendarCell__title"
          >
            30
            <div
              class="Button"
              title="Add task"
            >
              +
            </div>
          </div>
          <div
            class="CalendarTaskList"
          />
        </div>
        <div
          class="Calendar__cell"
          title="Cell"
        >
          <div
            class="CalendarCell__title"
          >
            31
            <div
              class="Button"
              title="Add task"
            >
              +
            </div>
          </div>
          <div
            class="CalendarTaskList"
          />
        </div>
        <div
          class="Calendar__activeMonth"
          title="Cell"
        >
          <div
            class="CalendarCell__title"
          >
            1
            <div
              class="Button"
              title="Add task"
            >
              +
            </div>
          </div>
          <div
            class="CalendarTaskList"
          />
        </div>
        <div
          class="Calendar__activeMonth"
          title="Cell"
        >
          <div
            class="CalendarCell__title"
          >
            2
            <div
              class="Button"
              title="Add task"
            >
              +
            </div>
          </div>
          <div
            class="CalendarTaskList"
          />
        </div>
        <div
          class="Calendar__activeMonth"
          title="Cell"
        >
          <div
            class="CalendarCell__title"
          >
            3
            <div
              class="Button"
              title="Add task"
            >
              +
            </div>
          </div>
          <div
            class="CalendarTaskList"
          />
        </div>
        <div
          class="Calendar__activeMonth"
          title="Cell"
        >
          <div
            class="CalendarCell__title"
          >
            4
            <div
              class="Button"
              title="Add task"
            >
              +
            </div>
          </div>
          <div
            class="CalendarTaskList"
          />
        </div>
        <div
          class="Calendar__activeMonth"
          title="Cell"
        >
          <div
            class="CalendarCell__title"
          >
            5
            <div
              class="Button"
              title="Add task"
            >
              +
            </div>
          </div>
          <div
            class="CalendarTaskList"
          />
        </div>
        <div
          class="Calendar__activeMonth"
          title="Cell"
        >
          <div
            class="CalendarCell__title"
          >
            6
            <div
              class="Button"
              title="Add task"
            >
              +
            </div>
          </div>
          <div
            class="CalendarTaskList"
          />
        </div>
        <div
          class="Calendar__activeMonth"
          title="Cell"
        >
          <div
            class="CalendarCell__title"
          >
            7
            <div
              class="Button"
              title="Add task"
            >
              +
            </div>
          </div>
          <div
            class="CalendarTaskList"
          />
        </div>
        <div
          class="Calendar__currentDay"
          title="Cell"
        >
          <div
            class="CalendarCell__title"
          >
            8
            <div
              class="Button"
              title="Add task"
            >
              +
            </div>
          </div>
          <div
            class="CalendarTaskList"
          />
        </div>
        <div
          class="Calendar__activeMonth"
          title="Cell"
        >
          <div
            class="CalendarCell__title"
          >
            9
            <div
              class="Button"
              title="Add task"
            >
              +
            </div>
          </div>
          <div
            class="CalendarTaskList"
          />
        </div>
        <div
          class="Calendar__activeMonth"
          title="Cell"
        >
          <div
            class="CalendarCell__title"
          >
            10
            <div
              class="Button"
              title="Add task"
            >
              +
            </div>
          </div>
          <div
            class="CalendarTaskList"
          />
        </div>
        <div
          class="Calendar__activeMonth"
          title="Cell"
        >
          <div
            class="CalendarCell__title"
          >
            11
            <div
              class="Button"
              title="Add task"
            >
              +
            </div>
          </div>
          <div
            class="CalendarTaskList"
          />
        </div>
        <div
          class="Calendar__activeMonth"
          title="Cell"
        >
          <div
            class="CalendarCell__title"
          >
            12
            <div
              class="Button"
              title="Add task"
            >
              +
            </div>
          </div>
          <div
            class="CalendarTaskList"
          />
        </div>
        <div
          class="Calendar__activeMonth"
          title="Cell"
        >
          <div
            class="CalendarCell__title"
          >
            13
            <div
              class="Button"
              title="Add task"
            >
              +
            </div>
          </div>
          <div
            class="CalendarTaskList"
          />
        </div>
        <div
          class="Calendar__activeMonth"
          title="Cell"
        >
          <div
            class="CalendarCell__title"
          >
            14
            <div
              class="Button"
              title="Add task"
            >
              +
            </div>
          </div>
          <div
            class="CalendarTaskList"
          />
        </div>
        <div
          class="Calendar__activeMonth"
          title="Cell"
        >
          <div
            class="CalendarCell__title"
          >
            15
            <div
              class="Button"
              title="Add task"
            >
              +
            </div>
          </div>
          <div
            class="CalendarTaskList"
          />
        </div>
        <div
          class="Calendar__activeMonth"
          title="Cell"
        >
          <div
            class="CalendarCell__title"
          >
            16
            <div
              class="Button"
              title="Add task"
            >
              +
            </div>
          </div>
          <div
            class="CalendarTaskList"
          />
        </div>
        <div
          class="Calendar__activeMonth"
          title="Cell"
        >
          <div
            class="CalendarCell__title"
          >
            17
            <div
              class="Button"
              title="Add task"
            >
              +
            </div>
          </div>
          <div
            class="CalendarTaskList"
          />
        </div>
        <div
          class="Calendar__activeMonth"
          title="Cell"
        >
          <div
            class="CalendarCell__title"
          >
            18
            <div
              class="Button"
              title="Add task"
            >
              +
            </div>
          </div>
          <div
            class="CalendarTaskList"
          />
        </div>
        <div
          class="Calendar__activeMonth"
          title="Cell"
        >
          <div
            class="CalendarCell__title"
          >
            19
            <div
              class="Button"
              title="Add task"
            >
              +
            </div>
          </div>
          <div
            class="CalendarTaskList"
          />
        </div>
        <div
          class="Calendar__activeMonth"
          title="Cell"
        >
          <div
            class="CalendarCell__title"
          >
            20
            <div
              class="Button"
              title="Add task"
            >
              +
            </div>
          </div>
          <div
            class="CalendarTaskList"
          />
        </div>
        <div
          class="Calendar__activeMonth"
          title="Cell"
        >
          <div
            class="CalendarCell__title"
          >
            21
            <div
              class="Button"
              title="Add task"
            >
              +
            </div>
          </div>
          <div
            class="CalendarTaskList"
          />
        </div>
        <div
          class="Calendar__activeMonth"
          title="Cell"
        >
          <div
            class="CalendarCell__title"
          >
            22
            <div
              class="Button"
              title="Add task"
            >
              +
            </div>
          </div>
          <div
            class="CalendarTaskList"
          />
        </div>
        <div
          class="Calendar__activeMonth"
          title="Cell"
        >
          <div
            class="CalendarCell__title"
          >
            23
            <div
              class="Button"
              title="Add task"
            >
              +
            </div>
          </div>
          <div
            class="CalendarTaskList"
          />
        </div>
        <div
          class="Calendar__activeMonth"
          title="Cell"
        >
          <div
            class="CalendarCell__title"
          >
            24
            <div
              class="Button"
              title="Add task"
            >
              +
            </div>
          </div>
          <div
            class="CalendarTaskList"
          />
        </div>
        <div
          class="Calendar__activeMonth"
          title="Cell"
        >
          <div
            class="CalendarCell__title"
          >
            25
            <div
              class="Button"
              title="Add task"
            >
              +
            </div>
          </div>
          <div
            class="CalendarTaskList"
          />
        </div>
        <div
          class="Calendar__activeMonth"
          title="Cell"
        >
          <div
            class="CalendarCell__title"
          >
            26
            <div
              class="Button"
              title="Add task"
            >
              +
            </div>
          </div>
          <div
            class="CalendarTaskList"
          />
        </div>
        <div
          class="Calendar__activeMonth"
          title="Cell"
        >
          <div
            class="CalendarCell__title"
          >
            27
            <div
              class="Button"
              title="Add task"
            >
              +
            </div>
          </div>
          <div
            class="CalendarTaskList"
          />
        </div>
        <div
          class="Calendar__activeMonth"
          title="Cell"
        >
          <div
            class="CalendarCell__title"
          >
            28
            <div
              class="Button"
              title="Add task"
            >
              +
            </div>
          </div>
          <div
            class="CalendarTaskList"
          />
        </div>
        <div
          class="Calendar__activeMonth"
          title="Cell"
        >
          <div
            class="CalendarCell__title"
          >
            29
            <div
              class="Button"
              title="Add task"
            >
              +
            </div>
          </div>
          <div
            class="CalendarTaskList"
          />
        </div>
        <div
          class="Calendar__activeMonth"
          title="Cell"
        >
          <div
            class="CalendarCell__title"
          >
            30
            <div
              class="Button"
              title="Add task"
            >
              +
            </div>
          </div>
          <div
            class="CalendarTaskList"
          />
        </div>
        <div
          class="Calendar__activeMonth"
          title="Cell"
        >
          <div
            class="CalendarCell__title"
          >
            31
            <div
              class="Button"
              title="Add task"
            >
              +
            </div>
          </div>
          <div
            class="CalendarTaskList"
          />
        </div>
        <div
          class="Calendar__cell"
          title="Cell"
        >
          <div
            class="CalendarCell__title"
          >
            1
            <div
              class="Button"
              title="Add task"
            >
              +
            </div>
          </div>
          <div
            class="CalendarTaskList"
          />
        </div>
        <div
          class="Calendar__cell"
          title="Cell"
        >
          <div
            class="CalendarCell__title"
          >
            2
            <div
              class="Button"
              title="Add task"
            >
              +
            </div>
          </div>
          <div
            class="CalendarTaskList"
          />
        </div>
        <div
          class="Calendar__cell"
          title="Cell"
        >
          <div
            class="CalendarCell__title"
          >
            3
            <div
              class="Button"
              title="Add task"
            >
              +
            </div>
          </div>
          <div
            class="CalendarTaskList"
          />
        </div>
        <div
          class="Calendar__cell"
          title="Cell"
        >
          <div
            class="CalendarCell__title"
          >
            4
            <div
              class="Button"
              title="Add task"
            >
              +
            </div>
          </div>
          <div
            class="CalendarTaskList"
          />
        </div>
        <div
          class="Calendar__cell"
          title="Cell"
        >
          <div
            class="CalendarCell__title"
          >
            5
            <div
              class="Button"
              title="Add task"
            >
              +
            </div>
          </div>
          <div
            class="CalendarTaskList"
          />
        </div>
      </div>
      <div
        class="Calendar__footer"
      >
        <div
          class="Button"
          title="Out"
        >
          Sign out
        </div>
      </div>
    </div>
  </div>,
  "debug": [Function],
  "findAllByAltText": [Function],
  "findAllByDisplayValue": [Function],
  "findAllByLabelText": [Function],
  "findAllByPlaceholderText": [Function],
  "findAllByRole": [Function],
  "findAllByTestId": [Function],
  "findAllByText": [Function],
  "findAllByTitle": [Function],
  "findByAltText": [Function],
  "findByDisplayValue": [Function],
  "findByLabelText": [Function],
  "findByPlaceholderText": [Function],
  "findByRole": [Function],
  "findByTestId": [Function],
  "findByText": [Function],
  "findByTitle": [Function],
  "getAllByAltText": [Function],
  "getAllByDisplayValue": [Function],
  "getAllByLabelText": [Function],
  "getAllByPlaceholderText": [Function],
  "getAllByRole": [Function],
  "getAllByTestId": [Function],
  "getAllByText": [Function],
  "getAllByTitle": [Function],
  "getByAltText": [Function],
  "getByDisplayValue": [Function],
  "getByLabelText": [Function],
  "getByPlaceholderText": [Function],
  "getByRole": [Function],
  "getByTestId": [Function],
  "getByText": [Function],
  "getByTitle": [Function],
  "queryAllByAltText": [Function],
  "queryAllByDisplayValue": [Function],
  "queryAllByLabelText": [Function],
  "queryAllByPlaceholderText": [Function],
  "queryAllByRole": [Function],
  "queryAllByTestId": [Function],
  "queryAllByText": [Function],
  "queryAllByTitle": [Function],
  "queryByAltText": [Function],
  "queryByDisplayValue": [Function],
  "queryByLabelText": [Function],
  "queryByPlaceholderText": [Function],
  "queryByRole": [Function],
  "queryByTestId": [Function],
  "queryByText": [Function],
  "queryByTitle": [Function],
  "rerender": [Function],
  "unmount": [Function],
}
`;
